node.exe : npm warn 
Unknown project 
config "rimraf". 
This will stop 
working in the next 
major version of npm.
At C:\Program Files\n
odejs\npx.ps1:29 
char:3
+   & $NODE_EXE 
$NPX_CLI_JS $args
+   ~~~~~~~~~~~~~~~~~
~~~~~~~~~~~~
    + CategoryInfo   
           : NotSpe  
  cified: (npm war   
 n Unknow...versi    
on of npm.:Strin    
g) [], RemoteExc    
eption
    + FullyQualified 
   ErrorId : Native  
  CommandError
 
[dotenv@17.2.3] injecting env (15) from .env -- tip: ≡ƒöÉ prevent building .env in docker: https://dotenvx.com/prebuild
Connecting to database...
Error testing bank 
seed: TypeORMError: 
Entity metadata for 
Bank#transfers was 
not found. Check if 
you specified a 
correct entity 
object and if it's 
connected in the 
connection options.
    at C:\Users\creat
\Documents\wayme\node
_modules\src\metadata
-builder\EntityMetada
taBuilder.ts:1128:23
    at Array.forEach 
(<anonymous>)
    at EntityMetadata
Builder.computeInvers
eProperties (C:\Users
\creat\Documents\waym
e\node_modules\src\me
tadata-builder\Entity
MetadataBuilder.ts:11
18:34)
    at C:\Users\creat
\Documents\wayme\node
_modules\src\metadata
-builder\EntityMetada
taBuilder.ts:160:18
    at Array.forEach 
(<anonymous>)
    at EntityMetadata
Builder.build (C:\Use
rs\creat\Documents\wa
yme\node_modules\src\
metadata-builder\Enti
tyMetadataBuilder.ts:
159:25)
    at ConnectionMeta
dataBuilder.buildEnti
tyMetadatas (C:\Users
\creat\Documents\waym
e\node_modules\src\co
nnection\ConnectionMe
tadataBuilder.ts:106:
11)
    at processTicksAn
dRejections (node:int
ernal/process/task_qu
eues:105:5)
    at async DataSour
ce.buildMetadatas (C:
\Users\creat\Document
s\wayme\node_modules\
src\data-source\DataS
ource.ts:733:13)
    at async DataSour
ce.initialize (C:\Use
rs\creat\Documents\wa
yme\node_modules\src\
data-source\DataSourc
e.ts:264:13)
